// Jest Snapshot v1, https://goo.gl/fbAQLP

exports[`RestaurantContainer Component should render without crash 1`] = `
<div>
  <RestaurantsFilter
    genres={Array []}
    onFilterChange={[Function]}
    states={Array []}
  />
  <RestaurantsTable
    list={Array []}
    onNext={[Function]}
    onPrev={[Function]}
    sortBy={[Function]}
  />
</div>
`;
